// Jest Snapshot v1, https://goo.gl/fbAQLP

exports[`<App /> should be consistent with snapshot 1`] = `
<a
  href="some-url"
  rel="noopener noreferrer"
  target="_blank"
/>
`;
