// Jest Snapshot v1, https://goo.gl/fbAQLP

exports[`<App /> should be consistent with snapshot 1`] = `
<div
  className="App"
>
  <Connect(Component) />
  <Switch>
    <Route
      component={[Function]}
      exact={true}
      path="/"
    />
    <Route
      component={[Function]}
    />
  </Switch>
</div>
`;
