// Jest Snapshot v1, https://goo.gl/fbAQLP

exports[`<App /> should be consistent with snapshot 1`] = `
<h1>
  Page Not found. Go 
  <a
    href="/"
    onClick={[Function]}
  >
    Home
  </a>
</h1>
`;
